// Jest Snapshot v1, https://goo.gl/fbAQLP

exports[`Checkbox renders without crashing 1`] = `
ShallowWrapper {
  Symbol(enzyme.__root__): [Circular],
  Symbol(enzyme.__unrendered__): <Checkbox />,
  Symbol(enzyme.__renderer__): Object {
    "batchedUpdates": [Function],
    "getNode": [Function],
    "render": [Function],
    "simulateError": [Function],
    "simulateEvent": [Function],
    "unmount": [Function],
  },
  Symbol(enzyme.__node__): Object {
    "instance": null,
    "key": undefined,
    "nodeType": "function",
    "props": Object {
      "children": <div
        className="input-group-text"
      >
        <label>
          <input
            checked={false}
            disabled={false}
            onChange={[Function]}
            type="checkbox"
          />
          default label
        </label>
      </div>,
    },
    "ref": null,
    "rendered": Object {
      "instance": null,
      "key": undefined,
      "nodeType": "host",
      "props": Object {
        "children": <label>
          <input
            checked={false}
            disabled={false}
            onChange={[Function]}
            type="checkbox"
          />
          default label
        </label>,
        "className": "input-group-text",
      },
      "ref": null,
      "rendered": Object {
        "instance": null,
        "key": undefined,
        "nodeType": "host",
        "props": Object {
          "children": Array [
            <input
              checked={false}
              disabled={false}
              onChange={[Function]}
              type="checkbox"
            />,
            "default label",
          ],
          "htmlFor": undefined,
        },
        "ref": null,
        "rendered": Array [
          Object {
            "instance": null,
            "key": undefined,
            "nodeType": "host",
            "props": Object {
              "checked": false,
              "disabled": false,
              "id": undefined,
              "onChange": [Function],
              "type": "checkbox",
            },
            "ref": null,
            "rendered": null,
            "type": "input",
          },
          "default label",
        ],
        "type": "label",
      },
      "type": "div",
    },
    "type": Symbol(react.fragment),
  },
  Symbol(enzyme.__nodes__): Array [
    Object {
      "instance": null,
      "key": undefined,
      "nodeType": "function",
      "props": Object {
        "children": <div
          className="input-group-text"
        >
          <label>
            <input
              checked={false}
              disabled={false}
              onChange={[Function]}
              type="checkbox"
            />
            default label
          </label>
        </div>,
      },
      "ref": null,
      "rendered": Object {
        "instance": null,
        "key": undefined,
        "nodeType": "host",
        "props": Object {
          "children": <label>
            <input
              checked={false}
              disabled={false}
              onChange={[Function]}
              type="checkbox"
            />
            default label
          </label>,
          "className": "input-group-text",
        },
        "ref": null,
        "rendered": Object {
          "instance": null,
          "key": undefined,
          "nodeType": "host",
          "props": Object {
            "children": Array [
              <input
                checked={false}
                disabled={false}
                onChange={[Function]}
                type="checkbox"
              />,
              "default label",
            ],
            "htmlFor": undefined,
          },
          "ref": null,
          "rendered": Array [
            Object {
              "instance": null,
              "key": undefined,
              "nodeType": "host",
              "props": Object {
                "checked": false,
                "disabled": false,
                "id": undefined,
                "onChange": [Function],
                "type": "checkbox",
              },
              "ref": null,
              "rendered": null,
              "type": "input",
            },
            "default label",
          ],
          "type": "label",
        },
        "type": "div",
      },
      "type": Symbol(react.fragment),
    },
  ],
  Symbol(enzyme.__options__): Object {
    "adapter": ReactSixteenAdapter {
      "options": Object {
        "enableComponentDidUpdateOnSetState": true,
        "lifecycles": Object {
          "componentDidUpdate": Object {
            "onSetState": true,
          },
          "getDerivedStateFromProps": true,
          "getSnapshotBeforeUpdate": true,
          "setState": Object {
            "skipsComponentDidUpdateOnNullish": true,
          },
        },
      },
    },
  },
}
`;
