// Jest Snapshot v1, https://goo.gl/fbAQLP

exports[`CustomHead renders without crashing 1`] = `
ShallowWrapper {
  Symbol(enzyme.__root__): [Circular],
  Symbol(enzyme.__unrendered__): <Head />,
  Symbol(enzyme.__renderer__): Object {
    "batchedUpdates": [Function],
    "getNode": [Function],
    "render": [Function],
    "simulateError": [Function],
    "simulateEvent": [Function],
    "unmount": [Function],
  },
  Symbol(enzyme.__node__): Object {
    "instance": null,
    "key": undefined,
    "nodeType": "class",
    "props": Object {
      "children": Array [
        <title>
          Pizza Store :)
        </title>,
        <meta
          charSet="utf-8"
        />,
        <meta
          content="initial-scale=1.0, width=device-width"
          name="viewport"
        />,
      ],
    },
    "ref": null,
    "rendered": Array [
      Object {
        "instance": null,
        "key": undefined,
        "nodeType": "host",
        "props": Object {
          "children": "Pizza Store :)",
        },
        "ref": null,
        "rendered": "Pizza Store :)",
        "type": "title",
      },
      Object {
        "instance": null,
        "key": undefined,
        "nodeType": "host",
        "props": Object {
          "charSet": "utf-8",
        },
        "ref": null,
        "rendered": null,
        "type": "meta",
      },
      Object {
        "instance": null,
        "key": undefined,
        "nodeType": "host",
        "props": Object {
          "content": "initial-scale=1.0, width=device-width",
          "name": "viewport",
        },
        "ref": null,
        "rendered": null,
        "type": "meta",
      },
    ],
    "type": [Function],
  },
  Symbol(enzyme.__nodes__): Array [
    Object {
      "instance": null,
      "key": undefined,
      "nodeType": "class",
      "props": Object {
        "children": Array [
          <title>
            Pizza Store :)
          </title>,
          <meta
            charSet="utf-8"
          />,
          <meta
            content="initial-scale=1.0, width=device-width"
            name="viewport"
          />,
        ],
      },
      "ref": null,
      "rendered": Array [
        Object {
          "instance": null,
          "key": undefined,
          "nodeType": "host",
          "props": Object {
            "children": "Pizza Store :)",
          },
          "ref": null,
          "rendered": "Pizza Store :)",
          "type": "title",
        },
        Object {
          "instance": null,
          "key": undefined,
          "nodeType": "host",
          "props": Object {
            "charSet": "utf-8",
          },
          "ref": null,
          "rendered": null,
          "type": "meta",
        },
        Object {
          "instance": null,
          "key": undefined,
          "nodeType": "host",
          "props": Object {
            "content": "initial-scale=1.0, width=device-width",
            "name": "viewport",
          },
          "ref": null,
          "rendered": null,
          "type": "meta",
        },
      ],
      "type": [Function],
    },
  ],
  Symbol(enzyme.__options__): Object {
    "adapter": ReactSixteenAdapter {
      "options": Object {
        "enableComponentDidUpdateOnSetState": true,
        "lifecycles": Object {
          "componentDidUpdate": Object {
            "onSetState": true,
          },
          "getDerivedStateFromProps": true,
          "getSnapshotBeforeUpdate": true,
          "setState": Object {
            "skipsComponentDidUpdateOnNullish": true,
          },
        },
      },
    },
  },
}
`;
